[ 2082155ms] [INFO] %cDownload the React DevTools for a better development experience: https://react.dev/link/react-devtools font-weight:bold @ http://localhost:3000/_next/static/chunks/1fqg_next_dist_1i28a4t._.js:2477
[ 2082216ms] [LOG] [HMR] connected @ http://localhost:3000/_next/static/chunks/1fqg_next_dist_1i28a4t._.js:2477
[ 2082409ms] [LOG] [Fast Refresh] rebuilding @ http://localhost:3000/_next/static/chunks/1fqg_next_dist_1i28a4t._.js:2477
[ 2082512ms] [LOG] [Fast Refresh] done in 216ms @ http://localhost:3000/_next/static/chunks/1fqg_next_dist_1i28a4t._.js:2477
[ 2082660ms] [LOG] [Fast Refresh] rebuilding @ http://localhost:3000/_next/static/chunks/1fqg_next_dist_1i28a4t._.js:2477
[ 2082726ms] [LOG] [Fast Refresh] done in 180ms @ http://localhost:3000/_next/static/chunks/1fqg_next_dist_1i28a4t._.js:2477
[ 2082827ms] [LOG] [Fast Refresh] rebuilding @ http://localhost:3000/_next/static/chunks/1fqg_next_dist_1i28a4t._.js:2477
[ 2082895ms] [LOG] [Fast Refresh] done in 167ms @ http://localhost:3000/_next/static/chunks/1fqg_next_dist_1i28a4t._.js:2477
[ 2083029ms] [LOG] [Fast Refresh] rebuilding @ http://localhost:3000/_next/static/chunks/1fqg_next_dist_1i28a4t._.js:2477
[ 2083077ms] [LOG] [Fast Refresh] done in 149ms @ http://localhost:3000/_next/static/chunks/1fqg_next_dist_1i28a4t._.js:2477
[ 2083544ms] [LOG] [Fast Refresh] rebuilding @ http://localhost:3000/_next/static/chunks/1fqg_next_dist_1i28a4t._.js:2477
[ 2083661ms] [LOG] [Fast Refresh] done in 223ms @ http://localhost:3000/_next/static/chunks/1fqg_next_dist_1i28a4t._.js:2477
[ 2084113ms] [LOG] [Fast Refresh] rebuilding @ http://localhost:3000/_next/static/chunks/1fqg_next_dist_1i28a4t._.js:2477
[ 2084200ms] [LOG] [Fast Refresh] done in 189ms @ http://localhost:3000/_next/static/chunks/1fqg_next_dist_1i28a4t._.js:2477
[ 2084663ms] [LOG] [Fast Refresh] rebuilding @ http://localhost:3000/_next/static/chunks/1fqg_next_dist_1i28a4t._.js:2477
[ 2084745ms] [LOG] [Fast Refresh] done in 192ms @ http://localhost:3000/_next/static/chunks/1fqg_next_dist_1i28a4t._.js:2477
[ 2085141ms] [ERROR] Failed to load resource: the server responded with a status of 401 (Unauthorized) @ http://localhost:3000/api/v1/games/stats:0
[ 2085151ms] [ERROR] Failed to load resource: the server responded with a status of 401 (Unauthorized) @ http://localhost:3000/api/v1/games/stats:0
[ 2085279ms] [LOG] [Fast Refresh] rebuilding @ http://localhost:3000/_next/static/chunks/1fqg_next_dist_1i28a4t._.js:2477
[ 2085336ms] [ERROR] Failed to load resource: the server responded with a status of 401 (Unauthorized) @ http://localhost:3000/api/v1/games/progress:0
[ 2085337ms] [LOG] [Fast Refresh] done in 158ms @ http://localhost:3000/_next/static/chunks/1fqg_next_dist_1i28a4t._.js:2477
[ 2085345ms] [ERROR] Failed to load resource: the server responded with a status of 401 (Unauthorized) @ http://localhost:3000/api/v1/games/progress:0
[ 2085479ms] [LOG] [Fast Refresh] rebuilding @ http://localhost:3000/_next/static/chunks/1fqg_next_dist_1i28a4t._.js:2477
[ 2085504ms] [ERROR] Failed to load resource: the server responded with a status of 401 (Unauthorized) @ http://localhost:3000/api/v1/users/me/activity?limit=5:0
[ 2085504ms] [LOG] [Fast Refresh] done in 128ms @ http://localhost:3000/_next/static/chunks/1fqg_next_dist_1i28a4t._.js:2477
[ 2085514ms] [ERROR] Failed to load resource: the server responded with a status of 401 (Unauthorized) @ http://localhost:3000/api/v1/users/me/activity?limit=5:0
[ 2086790ms] [ERROR] Failed to load resource: the server responded with a status of 401 (Unauthorized) @ http://localhost:3000/api/v1/sessions:0
[ 2086813ms] [ERROR] Failed to load resource: the server responded with a status of 401 (Unauthorized) @ http://localhost:3000/api/v1/sessions:0
[ 2086931ms] [LOG] [Fast Refresh] rebuilding @ http://localhost:3000/_next/static/chunks/1fqg_next_dist_1i28a4t._.js:2477
[ 2087012ms] [ERROR] Failed to load resource: the server responded with a status of 401 (Unauthorized) @ http://localhost:3000/api/v1/preferences:0
[ 2087013ms] [LOG] [Fast Refresh] done in 186ms @ http://localhost:3000/_next/static/chunks/1fqg_next_dist_1i28a4t._.js:2477
[ 2087025ms] [ERROR] Failed to load resource: the server responded with a status of 401 (Unauthorized) @ http://localhost:3000/api/v1/preferences:0
[ 2087166ms] [LOG] [Fast Refresh] rebuilding @ http://localhost:3000/_next/static/chunks/1fqg_next_dist_1i28a4t._.js:2477
[ 2087356ms] [LOG] [Fast Refresh] done in 305ms @ http://localhost:3000/_next/static/chunks/1fqg_next_dist_1i28a4t._.js:2477
[ 2088738ms] [ERROR] Failed to load resource: the server responded with a status of 400 (Bad Request) @ http://localhost:3000/api/v1/games/nonogram/leaderboard?period=weekly:0
[ 2088760ms] [ERROR] Failed to load resource: the server responded with a status of 400 (Bad Request) @ http://localhost:3000/api/v1/games/nonogram/leaderboard?period=weekly:0
[ 2088885ms] [LOG] [Fast Refresh] rebuilding @ http://localhost:3000/_next/static/chunks/1fqg_next_dist_1i28a4t._.js:2477
[ 2088944ms] [LOG] [Fast Refresh] done in 170ms @ http://localhost:3000/_next/static/chunks/1fqg_next_dist_1i28a4t._.js:2477
[ 2094726ms] [LOG] [Fast Refresh] rebuilding @ http://localhost:3000/_next/static/chunks/1fqg_next_dist_1i28a4t._.js:2477
[ 2094986ms] [LOG] [Fast Refresh] done in 362ms @ http://localhost:3000/_next/static/chunks/1fqg_next_dist_1i28a4t._.js:2477
[ 2094989ms] [ERROR] Failed to load resource: the server responded with a status of 404 (Not Found) @ http://localhost:3000/api/v1/nonogram/daily?game=nonogram:0
[ 2095037ms] [ERROR] Failed to load resource: the server responded with a status of 404 (Not Found) @ http://localhost:3000/api/v1/nonogram/daily?game=nonogram:0
[ 2095160ms] [LOG] [Fast Refresh] rebuilding @ http://localhost:3000/_next/static/chunks/1fqg_next_dist_1i28a4t._.js:2477
[ 2095205ms] [LOG] [Fast Refresh] done in 158ms @ http://localhost:3000/_next/static/chunks/1fqg_next_dist_1i28a4t._.js:2477
[ 2096374ms] [ERROR] Failed to load resource: the server responded with a status of 401 (Unauthorized) @ http://localhost:3000/api/v1/analytics/leaderboard?game=nonogram:0
[ 2096393ms] [ERROR] Failed to load resource: the server responded with a status of 401 (Unauthorized) @ http://localhost:3000/api/v1/analytics/leaderboard?game=nonogram:0
[ 2096436ms] [ERROR] Failed to load resource: the server responded with a status of 405 (Method Not Allowed) @ http://localhost:3000/api/v1/track:0
[ 2096446ms] [ERROR] Failed to load resource: the server responded with a status of 405 (Method Not Allowed) @ http://localhost:3000/api/v1/track:0
[ 2096578ms] [LOG] [Fast Refresh] rebuilding @ http://localhost:3000/_next/static/chunks/1fqg_next_dist_1i28a4t._.js:2477
[ 2096588ms] [LOG] [Fast Refresh] done in 113ms @ http://localhost:3000/_next/static/chunks/1fqg_next_dist_1i28a4t._.js:2477
[ 2463300ms] [INFO] %cDownload the React DevTools for a better development experience: https://react.dev/link/react-devtools font-weight:bold @ http://localhost:3000/_next/static/chunks/1fqg_next_dist_1i28a4t._.js:2477
[ 2463319ms] [LOG] [HMR] connected @ http://localhost:3000/_next/static/chunks/1fqg_next_dist_1i28a4t._.js:2477
[ 2466384ms] [WARNING] The resource http://localhost:3000/logo-icon.svg was preloaded using link preload but not used within a few seconds from the window's load event. Please make sure it has an appropriate `as` value and it is preloaded intentionally. @ http://localhost:3000/nonogram:0
[ 2480084ms] [INFO] %cDownload the React DevTools for a better development experience: https://react.dev/link/react-devtools font-weight:bold @ http://localhost:3000/_next/static/chunks/1fqg_next_dist_1i28a4t._.js:2477
[ 2480122ms] [LOG] [HMR] connected @ http://localhost:3000/_next/static/chunks/1fqg_next_dist_1i28a4t._.js:2477
[ 2482045ms] [INFO] %cDownload the React DevTools for a better development experience: https://react.dev/link/react-devtools font-weight:bold @ http://localhost:3000/_next/static/chunks/1fqg_next_dist_1i28a4t._.js:2477
[ 2482073ms] [LOG] [HMR] connected @ http://localhost:3000/_next/static/chunks/1fqg_next_dist_1i28a4t._.js:2477
[ 2498907ms] [INFO] %cDownload the React DevTools for a better development experience: https://react.dev/link/react-devtools font-weight:bold @ http://localhost:3000/_next/static/chunks/1fqg_next_dist_1i28a4t._.js:2477
[ 2498929ms] [LOG] [HMR] connected @ http://localhost:3000/_next/static/chunks/1fqg_next_dist_1i28a4t._.js:2477
[ 3016488ms] [INFO] %cDownload the React DevTools for a better development experience: https://react.dev/link/react-devtools font-weight:bold @ http://localhost:3000/_next/static/chunks/1fqg_next_dist_1i28a4t._.js:2477
[ 3016517ms] [LOG] [HMR] connected @ http://localhost:3000/_next/static/chunks/1fqg_next_dist_1i28a4t._.js:2477
[ 3022014ms] [ERROR] Failed to load resource: the server responded with a status of 409 (Conflict) @ http://localhost:3000/api/v1/auth/register:0
[ 3022813ms] [ERROR] Failed to load resource: the server responded with a status of 401 (Unauthorized) @ http://localhost:3000/api/v1/auth/login:0
[ 3022933ms] [LOG] [Fast Refresh] rebuilding @ http://localhost:3000/_next/static/chunks/1fqg_next_dist_1i28a4t._.js:2477
[ 3023182ms] [LOG] [Fast Refresh] done in 362ms @ http://localhost:3000/_next/static/chunks/1fqg_next_dist_1i28a4t._.js:2477
[ 3027474ms] [ERROR] Failed to load resource: the server responded with a status of 400 (Bad Request) @ http://localhost:3000/api/v1/passwords/reset:0
[ 3029537ms] [ERROR] Failed to load resource: the server responded with a status of 401 (Unauthorized) @ http://localhost:3000/api/v1/oauth/google:0
[ 3030877ms] [ERROR] Failed to load resource: the server responded with a status of 401 (Unauthorized) @ http://localhost:3000/api/v1/users/me:0
[ 3030894ms] [ERROR] Failed to load resource: the server responded with a status of 401 (Unauthorized) @ http://localhost:3000/api/v1/auth/set-username:0
[ 3030908ms] [ERROR] Failed to load resource: the server responded with a status of 401 (Unauthorized) @ http://localhost:3000/api/v1/users/me/activity?limit=5:0
[ 3196891ms] [LOG] [Fast Refresh] rebuilding @ http://localhost:3000/_next/static/chunks/1fqg_next_dist_1i28a4t._.js:2477
[ 3197122ms] [LOG] [Fast Refresh] done in 335ms @ http://localhost:3000/_next/static/chunks/1fqg_next_dist_1i28a4t._.js:2477
[ 3197285ms] [LOG] [Fast Refresh] rebuilding @ http://localhost:3000/_next/static/chunks/1fqg_next_dist_1i28a4t._.js:2477
[ 3197330ms] [LOG] [Fast Refresh] done in 145ms @ http://localhost:3000/_next/static/chunks/1fqg_next_dist_1i28a4t._.js:2477
[ 3212387ms] [LOG] [Fast Refresh] rebuilding @ http://localhost:3000/_next/static/chunks/1fqg_next_dist_1i28a4t._.js:2477
[ 3212617ms] [LOG] [Fast Refresh] done in 331ms @ http://localhost:3000/_next/static/chunks/1fqg_next_dist_1i28a4t._.js:2477
[ 3212787ms] [LOG] [Fast Refresh] rebuilding @ http://localhost:3000/_next/static/chunks/1fqg_next_dist_1i28a4t._.js:2477
[ 3212840ms] [LOG] [Fast Refresh] done in 156ms @ http://localhost:3000/_next/static/chunks/1fqg_next_dist_1i28a4t._.js:2477
[ 3225699ms] [LOG] [Fast Refresh] rebuilding @ http://localhost:3000/_next/static/chunks/1fqg_next_dist_1i28a4t._.js:2477
[ 3225791ms] [LOG] [Fast Refresh] done in 190ms @ http://localhost:3000/_next/static/chunks/1fqg_next_dist_1i28a4t._.js:2477
[ 3225980ms] [LOG] [Fast Refresh] rebuilding @ http://localhost:3000/_next/static/chunks/1fqg_next_dist_1i28a4t._.js:2477
[ 3226106ms] [LOG] [Fast Refresh] done in 241ms @ http://localhost:3000/_next/static/chunks/1fqg_next_dist_1i28a4t._.js:2477
[ 3226403ms] [LOG] [Fast Refresh] rebuilding @ http://localhost:3000/_next/static/chunks/1fqg_next_dist_1i28a4t._.js:2477
[ 3226504ms] [LOG] [Fast Refresh] done in 198ms @ http://localhost:3000/_next/static/chunks/1fqg_next_dist_1i28a4t._.js:2477
[ 3226666ms] [LOG] [Fast Refresh] rebuilding @ http://localhost:3000/_next/static/chunks/1fqg_next_dist_1i28a4t._.js:2477
[ 3226704ms] [LOG] [Fast Refresh] done in 138ms @ http://localhost:3000/_next/static/chunks/1fqg_next_dist_1i28a4t._.js:2477
[ 3227017ms] [LOG] [Fast Refresh] rebuilding @ http://localhost:3000/_next/static/chunks/1fqg_next_dist_1i28a4t._.js:2477
[ 3227095ms] [LOG] [Fast Refresh] done in 184ms @ http://localhost:3000/_next/static/chunks/1fqg_next_dist_1i28a4t._.js:2477
[ 3227313ms] [LOG] [Fast Refresh] rebuilding @ http://localhost:3000/_next/static/chunks/1fqg_next_dist_1i28a4t._.js:2477
[ 3227340ms] [LOG] [Fast Refresh] done in 140ms @ http://localhost:3000/_next/static/chunks/1fqg_next_dist_1i28a4t._.js:2477
[ 3288196ms] [LOG] [Fast Refresh] rebuilding @ http://localhost:3000/_next/static/chunks/1fqg_next_dist_1i28a4t._.js:2477
[ 3288289ms] [LOG] [Fast Refresh] done in 205ms @ http://localhost:3000/_next/static/chunks/1fqg_next_dist_1i28a4t._.js:2477
[ 3323652ms] [LOG] [Fast Refresh] rebuilding @ http://localhost:3000/_next/static/chunks/1fqg_next_dist_1i28a4t._.js:2477
[ 3323742ms] [LOG] [Fast Refresh] done in 189ms @ http://localhost:3000/_next/static/chunks/1fqg_next_dist_1i28a4t._.js:2477
[ 3323916ms] [LOG] [Fast Refresh] rebuilding @ http://localhost:3000/_next/static/chunks/1fqg_next_dist_1i28a4t._.js:2477
[ 3323942ms] [LOG] [Fast Refresh] done in 133ms @ http://localhost:3000/_next/static/chunks/1fqg_next_dist_1i28a4t._.js:2477
[ 3347102ms] [LOG] [Fast Refresh] rebuilding @ http://localhost:3000/_next/static/chunks/1fqg_next_dist_1i28a4t._.js:2477
[ 3347617ms] [LOG] [Fast Refresh] done in 621ms @ http://localhost:3000/_next/static/chunks/1fqg_next_dist_1i28a4t._.js:2477
[ 3347781ms] [LOG] [Fast Refresh] rebuilding @ http://localhost:3000/_next/static/chunks/1fqg_next_dist_1i28a4t._.js:2477
[ 3347818ms] [LOG] [Fast Refresh] done in 137ms @ http://localhost:3000/_next/static/chunks/1fqg_next_dist_1i28a4t._.js:2477
[ 3348054ms] [LOG] [Fast Refresh] rebuilding @ http://localhost:3000/_next/static/chunks/1fqg_next_dist_1i28a4t._.js:2477
[ 3348055ms] [LOG] [Fast Refresh] done in 111ms @ http://localhost:3000/_next/static/chunks/1fqg_next_dist_1i28a4t._.js:2477
[ 3359197ms] [LOG] [Fast Refresh] rebuilding @ http://localhost:3000/_next/static/chunks/1fqg_next_dist_1i28a4t._.js:2477
[ 3359266ms] [LOG] [Fast Refresh] done in 167ms @ http://localhost:3000/_next/static/chunks/1fqg_next_dist_1i28a4t._.js:2477
[ 3434684ms] [LOG] [Fast Refresh] rebuilding @ http://localhost:3000/_next/static/chunks/1fqg_next_dist_1i28a4t._.js:2477
[ 3438705ms] [LOG] [Fast Refresh] done in 4131ms @ http://localhost:3000/_next/static/chunks/1fqg_next_dist_1i28a4t._.js:2477
[ 3438873ms] [LOG] [Fast Refresh] rebuilding @ http://localhost:3000/_next/static/chunks/1fqg_next_dist_1i28a4t._.js:2477
[ 3438906ms] [LOG] [Fast Refresh] done in 141ms @ http://localhost:3000/_next/static/chunks/1fqg_next_dist_1i28a4t._.js:2477
[ 3439271ms] [LOG] [Fast Refresh] rebuilding @ http://localhost:3000/_next/static/chunks/1fqg_next_dist_1i28a4t._.js:2477
[ 3439299ms] [LOG] [Fast Refresh] done in 135ms @ http://localhost:3000/_next/static/chunks/1fqg_next_dist_1i28a4t._.js:2477
[ 3439773ms] [LOG] [Fast Refresh] rebuilding @ http://localhost:3000/_next/static/chunks/1fqg_next_dist_1i28a4t._.js:2477
[ 3439784ms] [LOG] [Fast Refresh] done in 119ms @ http://localhost:3000/_next/static/chunks/1fqg_next_dist_1i28a4t._.js:2477
[ 3440157ms] [LOG] [Fast Refresh] rebuilding @ http://localhost:3000/_next/static/chunks/1fqg_next_dist_1i28a4t._.js:2477
[ 3440201ms] [LOG] [Fast Refresh] done in 153ms @ http://localhost:3000/_next/static/chunks/1fqg_next_dist_1i28a4t._.js:2477
[ 3440592ms] [LOG] [Fast Refresh] rebuilding @ http://localhost:3000/_next/static/chunks/1fqg_next_dist_1i28a4t._.js:2477
[ 3440613ms] [LOG] [Fast Refresh] done in 125ms @ http://localhost:3000/_next/static/chunks/1fqg_next_dist_1i28a4t._.js:2477
[ 3462134ms] [LOG] [Fast Refresh] rebuilding @ http://localhost:3000/_next/static/chunks/1fqg_next_dist_1i28a4t._.js:2477
[ 3466102ms] [LOG] [Fast Refresh] done in 4079ms @ http://localhost:3000/_next/static/chunks/1fqg_next_dist_1i28a4t._.js:2477
[ 3466272ms] [LOG] [Fast Refresh] rebuilding @ http://localhost:3000/_next/static/chunks/1fqg_next_dist_1i28a4t._.js:2477
[ 3466308ms] [LOG] [Fast Refresh] done in 145ms @ http://localhost:3000/_next/static/chunks/1fqg_next_dist_1i28a4t._.js:2477
[ 3466527ms] [LOG] [Fast Refresh] rebuilding @ http://localhost:3000/_next/static/chunks/1fqg_next_dist_1i28a4t._.js:2477
[ 3466536ms] [LOG] [Fast Refresh] done in 110ms @ http://localhost:3000/_next/static/chunks/1fqg_next_dist_1i28a4t._.js:2477
[ 3466675ms] [LOG] [Fast Refresh] rebuilding @ http://localhost:3000/_next/static/chunks/1fqg_next_dist_1i28a4t._.js:2477
[ 3466705ms] [LOG] [Fast Refresh] done in 130ms @ http://localhost:3000/_next/static/chunks/1fqg_next_dist_1i28a4t._.js:2477
[ 3467057ms] [LOG] [Fast Refresh] rebuilding @ http://localhost:3000/_next/static/chunks/1fqg_next_dist_1i28a4t._.js:2477
[ 3467106ms] [LOG] [Fast Refresh] done in 152ms @ http://localhost:3000/_next/static/chunks/1fqg_next_dist_1i28a4t._.js:2477
[ 3467306ms] [LOG] [Fast Refresh] rebuilding @ http://localhost:3000/_next/static/chunks/1fqg_next_dist_1i28a4t._.js:2477
[ 3467312ms] [LOG] [Fast Refresh] done in 110ms @ http://localhost:3000/_next/static/chunks/1fqg_next_dist_1i28a4t._.js:2477
[ 3467442ms] [LOG] [Fast Refresh] rebuilding @ http://localhost:3000/_next/static/chunks/1fqg_next_dist_1i28a4t._.js:2477
[ 3467460ms] [LOG] [Fast Refresh] done in 132ms @ http://localhost:3000/_next/static/chunks/1fqg_next_dist_1i28a4t._.js:2477
[ 3507597ms] [LOG] [Fast Refresh] rebuilding @ http://localhost:3000/_next/static/chunks/1fqg_next_dist_1i28a4t._.js:2477
[ 3511545ms] [LOG] [Fast Refresh] done in 4062ms @ http://localhost:3000/_next/static/chunks/1fqg_next_dist_1i28a4t._.js:2477
[ 3511712ms] [LOG] [Fast Refresh] rebuilding @ http://localhost:3000/_next/static/chunks/1fqg_next_dist_1i28a4t._.js:2477
[ 3511731ms] [LOG] [Fast Refresh] done in 128ms @ http://localhost:3000/_next/static/chunks/1fqg_next_dist_1i28a4t._.js:2477
[ 3512095ms] [LOG] [Fast Refresh] rebuilding @ http://localhost:3000/_next/static/chunks/1fqg_next_dist_1i28a4t._.js:2477
[ 3512112ms] [LOG] [Fast Refresh] done in 125ms @ http://localhost:3000/_next/static/chunks/1fqg_next_dist_1i28a4t._.js:2477
[ 3512663ms] [LOG] [Fast Refresh] rebuilding @ http://localhost:3000/_next/static/chunks/1fqg_next_dist_1i28a4t._.js:2477
[ 3512688ms] [LOG] [Fast Refresh] done in 125ms @ http://localhost:3000/_next/static/chunks/1fqg_next_dist_1i28a4t._.js:2477
[ 3512896ms] [LOG] [Fast Refresh] rebuilding @ http://localhost:3000/_next/static/chunks/1fqg_next_dist_1i28a4t._.js:2477
[ 3512942ms] [LOG] [Fast Refresh] done in 145ms @ http://localhost:3000/_next/static/chunks/1fqg_next_dist_1i28a4t._.js:2477
[ 3513552ms] [LOG] [Fast Refresh] rebuilding @ http://localhost:3000/_next/static/chunks/1fqg_next_dist_1i28a4t._.js:2477
[ 3513601ms] [LOG] [Fast Refresh] done in 160ms @ http://localhost:3000/_next/static/chunks/1fqg_next_dist_1i28a4t._.js:2477
[ 3522110ms] [LOG] [Fast Refresh] rebuilding @ http://localhost:3000/_next/static/chunks/1fqg_next_dist_1i28a4t._.js:2477
[ 3526940ms] [LOG] [Fast Refresh] done in 4940ms @ http://localhost:3000/_next/static/chunks/1fqg_next_dist_1i28a4t._.js:2477
[ 3527102ms] [LOG] [Fast Refresh] rebuilding @ http://localhost:3000/_next/static/chunks/1fqg_next_dist_1i28a4t._.js:2477
[ 3527132ms] [LOG] [Fast Refresh] done in 136ms @ http://localhost:3000/_next/static/chunks/1fqg_next_dist_1i28a4t._.js:2477
[ 3527298ms] [LOG] [Fast Refresh] rebuilding @ http://localhost:3000/_next/static/chunks/1fqg_next_dist_1i28a4t._.js:2477
[ 3527344ms] [LOG] [Fast Refresh] done in 154ms @ http://localhost:3000/_next/static/chunks/1fqg_next_dist_1i28a4t._.js:2477
[ 3527496ms] [LOG] [Fast Refresh] rebuilding @ http://localhost:3000/_next/static/chunks/1fqg_next_dist_1i28a4t._.js:2477
[ 3527517ms] [LOG] [Fast Refresh] done in 129ms @ http://localhost:3000/_next/static/chunks/1fqg_next_dist_1i28a4t._.js:2477
[ 3527884ms] [LOG] [Fast Refresh] rebuilding @ http://localhost:3000/_next/static/chunks/1fqg_next_dist_1i28a4t._.js:2477
[ 3527921ms] [LOG] [Fast Refresh] done in 143ms @ http://localhost:3000/_next/static/chunks/1fqg_next_dist_1i28a4t._.js:2477
[ 3528315ms] [LOG] [Fast Refresh] rebuilding @ http://localhost:3000/_next/static/chunks/1fqg_next_dist_1i28a4t._.js:2477
[ 3528344ms] [LOG] [Fast Refresh] done in 129ms @ http://localhost:3000/_next/static/chunks/1fqg_next_dist_1i28a4t._.js:2477
[ 3570061ms] [LOG] [Fast Refresh] rebuilding @ http://localhost:3000/_next/static/chunks/1fqg_next_dist_1i28a4t._.js:2477
[ 3573137ms] [LOG] [Fast Refresh] done in 3186ms @ http://localhost:3000/_next/static/chunks/1fqg_next_dist_1i28a4t._.js:2477
[ 3573670ms] [LOG] [Fast Refresh] rebuilding @ http://localhost:3000/_next/static/chunks/1fqg_next_dist_1i28a4t._.js:2477
[ 3573688ms] [LOG] [Fast Refresh] done in 119ms @ http://localhost:3000/_next/static/chunks/1fqg_next_dist_1i28a4t._.js:2477
[ 3573833ms] [LOG] [Fast Refresh] rebuilding @ http://localhost:3000/_next/static/chunks/1fqg_next_dist_1i28a4t._.js:2477
[ 3573857ms] [LOG] [Fast Refresh] done in 133ms @ http://localhost:3000/_next/static/chunks/1fqg_next_dist_1i28a4t._.js:2477
[ 3574297ms] [LOG] [Fast Refresh] rebuilding @ http://localhost:3000/_next/static/chunks/1fqg_next_dist_1i28a4t._.js:2477
[ 3574351ms] [LOG] [Fast Refresh] done in 165ms @ http://localhost:3000/_next/static/chunks/1fqg_next_dist_1i28a4t._.js:2477
[ 3574764ms] [LOG] [Fast Refresh] rebuilding @ http://localhost:3000/_next/static/chunks/1fqg_next_dist_1i28a4t._.js:2477
[ 3574821ms] [LOG] [Fast Refresh] done in 158ms @ http://localhost:3000/_next/static/chunks/1fqg_next_dist_1i28a4t._.js:2477
[ 3607495ms] [LOG] [Fast Refresh] rebuilding @ http://localhost:3000/_next/static/chunks/1fqg_next_dist_1i28a4t._.js:2477
[ 3609707ms] [LOG] [Fast Refresh] done in 2311ms @ http://localhost:3000/_next/static/chunks/1fqg_next_dist_1i28a4t._.js:2477
[ 3611545ms] [LOG] [Fast Refresh] rebuilding @ http://localhost:3000/_next/static/chunks/1fqg_next_dist_1i28a4t._.js:2477
[ 3611593ms] [LOG] [Fast Refresh] done in 160ms @ http://localhost:3000/_next/static/chunks/1fqg_next_dist_1i28a4t._.js:2477
[ 3611827ms] [LOG] [Fast Refresh] rebuilding @ http://localhost:3000/_next/static/chunks/1fqg_next_dist_1i28a4t._.js:2477
[ 3611845ms] [LOG] [Fast Refresh] done in 121ms @ http://localhost:3000/_next/static/chunks/1fqg_next_dist_1i28a4t._.js:2477
[ 3611996ms] [LOG] [Fast Refresh] rebuilding @ http://localhost:3000/_next/static/chunks/1fqg_next_dist_1i28a4t._.js:2477
[ 3612045ms] [LOG] [Fast Refresh] done in 160ms @ http://localhost:3000/_next/static/chunks/1fqg_next_dist_1i28a4t._.js:2477
[ 3612733ms] [LOG] [Fast Refresh] rebuilding @ http://localhost:3000/_next/static/chunks/1fqg_next_dist_1i28a4t._.js:2477
[ 3612744ms] [LOG] [Fast Refresh] done in 114ms @ http://localhost:3000/_next/static/chunks/1fqg_next_dist_1i28a4t._.js:2477
[ 3612849ms] [LOG] [Fast Refresh] rebuilding @ http://localhost:3000/_next/static/chunks/1fqg_next_dist_1i28a4t._.js:2477
[ 3612894ms] [LOG] [Fast Refresh] done in 149ms @ http://localhost:3000/_next/static/chunks/1fqg_next_dist_1i28a4t._.js:2477
[ 3613312ms] [LOG] [Fast Refresh] rebuilding @ http://localhost:3000/_next/static/chunks/1fqg_next_dist_1i28a4t._.js:2477
[ 3613322ms] [LOG] [Fast Refresh] done in 116ms @ http://localhost:3000/_next/static/chunks/1fqg_next_dist_1i28a4t._.js:2477
[ 3616685ms] [LOG] [Fast Refresh] rebuilding @ http://localhost:3000/_next/static/chunks/1fqg_next_dist_1i28a4t._.js:2477
[ 3616750ms] [LOG] [Fast Refresh] done in 176ms @ http://localhost:3000/_next/static/chunks/1fqg_next_dist_1i28a4t._.js:2477
[ 3644704ms] [LOG] [Fast Refresh] rebuilding @ http://localhost:3000/_next/static/chunks/1fqg_next_dist_1i28a4t._.js:2477
[ 3650844ms] [LOG] [Fast Refresh] done in 6254ms @ http://localhost:3000/_next/static/chunks/1fqg_next_dist_1i28a4t._.js:2477
[ 3653456ms] [LOG] [Fast Refresh] rebuilding @ http://localhost:3000/_next/static/chunks/1fqg_next_dist_1i28a4t._.js:2477
[ 3653484ms] [LOG] [Fast Refresh] done in 135ms @ http://localhost:3000/_next/static/chunks/1fqg_next_dist_1i28a4t._.js:2477
[ 3653695ms] [LOG] [Fast Refresh] rebuilding @ http://localhost:3000/_next/static/chunks/1fqg_next_dist_1i28a4t._.js:2477
[ 3653701ms] [LOG] [Fast Refresh] done in 112ms @ http://localhost:3000/_next/static/chunks/1fqg_next_dist_1i28a4t._.js:2477
[ 3653846ms] [LOG] [Fast Refresh] rebuilding @ http://localhost:3000/_next/static/chunks/1fqg_next_dist_1i28a4t._.js:2477
[ 3653894ms] [LOG] [Fast Refresh] done in 154ms @ http://localhost:3000/_next/static/chunks/1fqg_next_dist_1i28a4t._.js:2477
[ 3654296ms] [LOG] [Fast Refresh] rebuilding @ http://localhost:3000/_next/static/chunks/1fqg_next_dist_1i28a4t._.js:2477
[ 3654309ms] [LOG] [Fast Refresh] done in 123ms @ http://localhost:3000/_next/static/chunks/1fqg_next_dist_1i28a4t._.js:2477
[ 3654716ms] [LOG] [Fast Refresh] rebuilding @ http://localhost:3000/_next/static/chunks/1fqg_next_dist_1i28a4t._.js:2477
[ 3654761ms] [LOG] [Fast Refresh] done in 155ms @ http://localhost:3000/_next/static/chunks/1fqg_next_dist_1i28a4t._.js:2477
[ 3654893ms] [LOG] [Fast Refresh] rebuilding @ http://localhost:3000/_next/static/chunks/1fqg_next_dist_1i28a4t._.js:2477
[ 3654910ms] [LOG] [Fast Refresh] done in 124ms @ http://localhost:3000/_next/static/chunks/1fqg_next_dist_1i28a4t._.js:2477
[ 3655183ms] [LOG] [Fast Refresh] rebuilding @ http://localhost:3000/_next/static/chunks/1fqg_next_dist_1i28a4t._.js:2477
[ 3655324ms] [LOG] [Fast Refresh] done in 245ms @ http://localhost:3000/_next/static/chunks/1fqg_next_dist_1i28a4t._.js:2477
[ 3655473ms] [LOG] [Fast Refresh] rebuilding @ http://localhost:3000/_next/static/chunks/1fqg_next_dist_1i28a4t._.js:2477
[ 3655511ms] [LOG] [Fast Refresh] done in 142ms @ http://localhost:3000/_next/static/chunks/1fqg_next_dist_1i28a4t._.js:2477
[ 3655779ms] [LOG] [Fast Refresh] rebuilding @ http://localhost:3000/_next/static/chunks/1fqg_next_dist_1i28a4t._.js:2477
[ 3655788ms] [LOG] [Fast Refresh] done in 117ms @ http://localhost:3000/_next/static/chunks/1fqg_next_dist_1i28a4t._.js:2477
[ 3656201ms] [LOG] [Fast Refresh] rebuilding @ http://localhost:3000/_next/static/chunks/1fqg_next_dist_1i28a4t._.js:2477
[ 3656218ms] [LOG] [Fast Refresh] done in 119ms @ http://localhost:3000/_next/static/chunks/1fqg_next_dist_1i28a4t._.js:2477
[ 3657416ms] [LOG] [Fast Refresh] rebuilding @ http://localhost:3000/_next/static/chunks/1fqg_next_dist_1i28a4t._.js:2477
[ 3657433ms] [LOG] [Fast Refresh] done in 121ms @ http://localhost:3000/_next/static/chunks/1fqg_next_dist_1i28a4t._.js:2477
[ 3673833ms] [LOG] [Fast Refresh] rebuilding @ http://localhost:3000/_next/static/chunks/1fqg_next_dist_1i28a4t._.js:2477
[ 3673893ms] [LOG] [Fast Refresh] done in 170ms @ http://localhost:3000/_next/static/chunks/1fqg_next_dist_1i28a4t._.js:2477
[ 3678624ms] [LOG] [Fast Refresh] rebuilding @ http://localhost:3000/_next/static/chunks/1fqg_next_dist_1i28a4t._.js:2477
[ 3679140ms] [LOG] [Fast Refresh] done in 614ms @ http://localhost:3000/_next/static/chunks/1fqg_next_dist_1i28a4t._.js:2477
[ 3744251ms] [LOG] [Fast Refresh] rebuilding @ http://localhost:3000/_next/static/chunks/1fqg_next_dist_1i28a4t._.js:2477
[ 3744939ms] [LOG] [Fast Refresh] done in 794ms @ http://localhost:3000/_next/static/chunks/1fqg_next_dist_1i28a4t._.js:2477
[ 3780807ms] [LOG] [Fast Refresh] rebuilding @ http://localhost:3000/_next/static/chunks/1fqg_next_dist_1i28a4t._.js:2477
[ 3782717ms] [LOG] [Fast Refresh] done in 2021ms @ http://localhost:3000/_next/static/chunks/1fqg_next_dist_1i28a4t._.js:2477
[ 3783262ms] [LOG] [Fast Refresh] rebuilding @ http://localhost:3000/_next/static/chunks/1fqg_next_dist_1i28a4t._.js:2477
[ 3783349ms] [LOG] [Fast Refresh] done in 187ms @ http://localhost:3000/_next/static/chunks/1fqg_next_dist_1i28a4t._.js:2477
[ 3783594ms] [LOG] [Fast Refresh] rebuilding @ http://localhost:3000/_next/static/chunks/1fqg_next_dist_1i28a4t._.js:2477
[ 3783677ms] [LOG] [Fast Refresh] done in 186ms @ http://localhost:3000/_next/static/chunks/1fqg_next_dist_1i28a4t._.js:2477
[ 3783830ms] [LOG] [Fast Refresh] rebuilding @ http://localhost:3000/_next/static/chunks/1fqg_next_dist_1i28a4t._.js:2477
[ 3783869ms] [LOG] [Fast Refresh] done in 139ms @ http://localhost:3000/_next/static/chunks/1fqg_next_dist_1i28a4t._.js:2477
[ 3784394ms] [LOG] [Fast Refresh] rebuilding @ http://localhost:3000/_next/static/chunks/1fqg_next_dist_1i28a4t._.js:2477
[ 3784485ms] [LOG] [Fast Refresh] done in 203ms @ http://localhost:3000/_next/static/chunks/1fqg_next_dist_1i28a4t._.js:2477
[ 3811072ms] [LOG] [Fast Refresh] rebuilding @ http://localhost:3000/_next/static/chunks/1fqg_next_dist_1i28a4t._.js:2477
[ 3811210ms] [WARNING] [Fast Refresh] performing full reload

Fast Refresh will perform a full reload when you edit a file that's imported by modules outside of the React rendering tree.
You might have a file which exports a React component but also exports a value that is imported by a non-React component file.
Consider migrating the non-React component export to a separate file and importing it into both files.

It is also possible the parent component of the component you edited is a class component, which disables Fast Refresh.
Fast Refresh requires at least one parent function component in your React tree. @ http://localhost:3000/_next/static/chunks/1fqg_next_dist_1i28a4t._.js:2477
[ 3811212ms] [LOG] [Fast Refresh] done in 241ms @ http://localhost:3000/_next/static/chunks/1fqg_next_dist_1i28a4t._.js:2477
[ 3811393ms] [LOG] [Fast Refresh] rebuilding @ http://localhost:3000/_next/static/chunks/1fqg_next_dist_1i28a4t._.js:2477
[ 3811458ms] [LOG] [Fast Refresh] done in 166ms @ http://localhost:3000/_next/static/chunks/1fqg_next_dist_1i28a4t._.js:2477
[ 3811577ms] [LOG] [Fast Refresh] rebuilding @ http://localhost:3000/_next/static/chunks/1fqg_next_dist_1i28a4t._.js:2477
[ 3811847ms] [LOG] [Fast Refresh] done in 377ms @ http://localhost:3000/_next/static/chunks/1fqg_next_dist_1i28a4t._.js:2477
[ 3812248ms] [INFO] %cDownload the React DevTools for a better development experience: https://react.dev/link/react-devtools font-weight:bold @ http://localhost:3000/_next/static/chunks/1fqg_next_dist_1i28a4t._.js:2477
[ 3812273ms] [LOG] [HMR] connected @ http://localhost:3000/_next/static/chunks/1fqg_next_dist_1i28a4t._.js:2477
[ 3813461ms] [LOG] [Fast Refresh] rebuilding @ http://localhost:3000/_next/static/chunks/1fqg_next_dist_1i28a4t._.js:2477
[ 3813490ms] [LOG] [Fast Refresh] done in 133ms @ http://localhost:3000/_next/static/chunks/1fqg_next_dist_1i28a4t._.js:2477
[ 3822303ms] [LOG] [Fast Refresh] rebuilding @ http://localhost:3000/_next/static/chunks/1fqg_next_dist_1i28a4t._.js:2477
[ 3822402ms] [WARNING] [Fast Refresh] performing full reload

Fast Refresh will perform a full reload when you edit a file that's imported by modules outside of the React rendering tree.
You might have a file which exports a React component but also exports a value that is imported by a non-React component file.
Consider migrating the non-React component export to a separate file and importing it into both files.

It is also possible the parent component of the component you edited is a class component, which disables Fast Refresh.
Fast Refresh requires at least one parent function component in your React tree. @ http://localhost:3000/_next/static/chunks/1fqg_next_dist_1i28a4t._.js:2477
[ 3822404ms] [LOG] [Fast Refresh] done in 209ms @ http://localhost:3000/_next/static/chunks/1fqg_next_dist_1i28a4t._.js:2477
[ 3822587ms] [LOG] [Fast Refresh] rebuilding @ http://localhost:3000/_next/static/chunks/1fqg_next_dist_1i28a4t._.js:2477
[ 3822673ms] [LOG] [Fast Refresh] done in 194ms @ http://localhost:3000/_next/static/chunks/1fqg_next_dist_1i28a4t._.js:2477
[ 3822818ms] [LOG] [Fast Refresh] rebuilding @ http://localhost:3000/_next/static/chunks/1fqg_next_dist_1i28a4t._.js:2477
[ 3823038ms] [LOG] [Fast Refresh] done in 325ms @ http://localhost:3000/_next/static/chunks/1fqg_next_dist_1i28a4t._.js:2477
[ 3823671ms] [INFO] %cDownload the React DevTools for a better development experience: https://react.dev/link/react-devtools font-weight:bold @ http://localhost:3000/_next/static/chunks/1fqg_next_dist_1i28a4t._.js:2477
[ 3823700ms] [LOG] [HMR] connected @ http://localhost:3000/_next/static/chunks/1fqg_next_dist_1i28a4t._.js:2477
[ 3833582ms] [LOG] [Fast Refresh] rebuilding @ http://localhost:3000/_next/static/chunks/1fqg_next_dist_1i28a4t._.js:2477
[ 3833693ms] [WARNING] [Fast Refresh] performing full reload

Fast Refresh will perform a full reload when you edit a file that's imported by modules outside of the React rendering tree.
You might have a file which exports a React component but also exports a value that is imported by a non-React component file.
Consider migrating the non-React component export to a separate file and importing it into both files.

It is also possible the parent component of the component you edited is a class component, which disables Fast Refresh.
Fast Refresh requires at least one parent function component in your React tree. @ http://localhost:3000/_next/static/chunks/1fqg_next_dist_1i28a4t._.js:2477
[ 3833696ms] [LOG] [Fast Refresh] done in 217ms @ http://localhost:3000/_next/static/chunks/1fqg_next_dist_1i28a4t._.js:2477
[ 3833896ms] [LOG] [Fast Refresh] rebuilding @ http://localhost:3000/_next/static/chunks/1fqg_next_dist_1i28a4t._.js:2477
[ 3834016ms] [LOG] [Fast Refresh] done in 221ms @ http://localhost:3000/_next/static/chunks/1fqg_next_dist_1i28a4t._.js:2477
[ 3834134ms] [LOG] [Fast Refresh] rebuilding @ http://localhost:3000/_next/static/chunks/1fqg_next_dist_1i28a4t._.js:2477
[ 3834456ms] [LOG] [Fast Refresh] done in 430ms @ http://localhost:3000/_next/static/chunks/1fqg_next_dist_1i28a4t._.js:2477
[ 3834788ms] [INFO] %cDownload the React DevTools for a better development experience: https://react.dev/link/react-devtools font-weight:bold @ http://localhost:3000/_next/static/chunks/1fqg_next_dist_1i28a4t._.js:2477
[ 3834942ms] [LOG] [HMR] connected @ http://localhost:3000/_next/static/chunks/1fqg_next_dist_1i28a4t._.js:2477
[ 3847625ms] [LOG] [Fast Refresh] rebuilding @ http://localhost:3000/_next/static/chunks/1fqg_next_dist_1i28a4t._.js:2477
[ 3847732ms] [WARNING] [Fast Refresh] performing full reload

Fast Refresh will perform a full reload when you edit a file that's imported by modules outside of the React rendering tree.
You might have a file which exports a React component but also exports a value that is imported by a non-React component file.
Consider migrating the non-React component export to a separate file and importing it into both files.

It is also possible the parent component of the component you edited is a class component, which disables Fast Refresh.
Fast Refresh requires at least one parent function component in your React tree. @ http://localhost:3000/_next/static/chunks/1fqg_next_dist_1i28a4t._.js:2477
[ 3847734ms] [LOG] [Fast Refresh] done in 209ms @ http://localhost:3000/_next/static/chunks/1fqg_next_dist_1i28a4t._.js:2477
[ 3847909ms] [LOG] [Fast Refresh] rebuilding @ http://localhost:3000/_next/static/chunks/1fqg_next_dist_1i28a4t._.js:2477
[ 3847998ms] [LOG] [Fast Refresh] done in 190ms @ http://localhost:3000/_next/static/chunks/1fqg_next_dist_1i28a4t._.js:2477
[ 3848114ms] [LOG] [Fast Refresh] rebuilding @ http://localhost:3000/_next/static/chunks/1fqg_next_dist_1i28a4t._.js:2477
[ 3848181ms] [LOG] [Fast Refresh] done in 169ms @ http://localhost:3000/_next/static/chunks/1fqg_next_dist_1i28a4t._.js:2477
[ 3848863ms] [INFO] %cDownload the React DevTools for a better development experience: https://react.dev/link/react-devtools font-weight:bold @ http://localhost:3000/_next/static/chunks/1fqg_next_dist_1i28a4t._.js:2477
[ 3848895ms] [LOG] [HMR] connected @ http://localhost:3000/_next/static/chunks/1fqg_next_dist_1i28a4t._.js:2477
[ 3902926ms] [LOG] [Fast Refresh] rebuilding @ http://localhost:3000/_next/static/chunks/1fqg_next_dist_1i28a4t._.js:2477
[ 3902951ms] [LOG] [Fast Refresh] done in 126ms @ http://localhost:3000/_next/static/chunks/1fqg_next_dist_1i28a4t._.js:2477
[ 3910281ms] [LOG] [Fast Refresh] rebuilding @ http://localhost:3000/_next/static/chunks/1fqg_next_dist_1i28a4t._.js:2477
[ 3910357ms] [LOG] [Fast Refresh] done in 177ms @ http://localhost:3000/_next/static/chunks/1fqg_next_dist_1i28a4t._.js:2477
[ 3910975ms] [ERROR] Failed to load resource: the server responded with a status of 401 (Unauthorized) @ http://localhost:3000/api/v1/games/nonogram/continue?difficulty=easy:0
[ 3910975ms] [LOG] [Fast Refresh] rebuilding @ http://localhost:3000/_next/static/chunks/1fqg_next_dist_1i28a4t._.js:2477
[ 3910976ms] [LOG] [Fast Refresh] done in 106ms @ http://localhost:3000/_next/static/chunks/1fqg_next_dist_1i28a4t._.js:2477
[ 3911064ms] [ERROR] Failed to load resource: the server responded with a status of 401 (Unauthorized) @ http://localhost:3000/api/v1/games/crossmath/continue?difficulty=easy:0
[ 3911145ms] [ERROR] Failed to load resource: the server responded with a status of 401 (Unauthorized) @ http://localhost:3000/api/v1/games/sudoku/continue?difficulty=easy:0
[ 3911252ms] [LOG] [Fast Refresh] rebuilding @ http://localhost:3000/_next/static/chunks/1fqg_next_dist_1i28a4t._.js:2477
[ 3911280ms] [ERROR] Failed to load resource: the server responded with a status of 401 (Unauthorized) @ http://localhost:3000/api/v1/games/tangram/continue?difficulty=easy:0
[ 3911281ms] [LOG] [Fast Refresh] done in 132ms @ http://localhost:3000/_next/static/chunks/1fqg_next_dist_1i28a4t._.js:2477
[ 3911416ms] [LOG] [Fast Refresh] rebuilding @ http://localhost:3000/_next/static/chunks/1fqg_next_dist_1i28a4t._.js:2477
[ 3911790ms] [LOG] [Fast Refresh] done in 477ms @ http://localhost:3000/_next/static/chunks/1fqg_next_dist_1i28a4t._.js:2477
[ 3912060ms] [ERROR] Failed to load resource: the server responded with a status of 401 (Unauthorized) @ http://localhost:3000/api/v1/games/nonogram/history?limit=5:0
[ 3912221ms] [INFO] %cDownload the React DevTools for a better development experience: https://react.dev/link/react-devtools font-weight:bold @ http://localhost:3000/_next/static/chunks/1fqg_next_dist_1i28a4t._.js:2477
[ 3912264ms] [LOG] [HMR] connected @ http://localhost:3000/_next/static/chunks/1fqg_next_dist_1i28a4t._.js:2477
[ 3933430ms] [LOG] [Fast Refresh] rebuilding @ http://localhost:3000/_next/static/chunks/1fqg_next_dist_1i28a4t._.js:2477
[ 3933512ms] [LOG] [Fast Refresh] done in 188ms @ http://localhost:3000/_next/static/chunks/1fqg_next_dist_1i28a4t._.js:2477
[ 3933674ms] [LOG] [Fast Refresh] rebuilding @ http://localhost:3000/_next/static/chunks/1fqg_next_dist_1i28a4t._.js:2477
[ 3933726ms] [LOG] [Fast Refresh] done in 154ms @ http://localhost:3000/_next/static/chunks/1fqg_next_dist_1i28a4t._.js:2477
[ 3963865ms] [LOG] [Fast Refresh] rebuilding @ http://localhost:3000/_next/static/chunks/1fqg_next_dist_1i28a4t._.js:2477
[ 3964046ms] [LOG] [Fast Refresh] done in 290ms @ http://localhost:3000/_next/static/chunks/1fqg_next_dist_1i28a4t._.js:2477
[ 3964103ms] [INFO] %cDownload the React DevTools for a better development experience: https://react.dev/link/react-devtools font-weight:bold @ http://localhost:3000/_next/static/chunks/1fqg_next_dist_1i28a4t._.js:2477
[ 3964299ms] [LOG] [HMR] connected @ http://localhost:3000/_next/static/chunks/1fqg_next_dist_1i28a4t._.js:2477
[ 3976722ms] [INFO] %cDownload the React DevTools for a better development experience: https://react.dev/link/react-devtools font-weight:bold @ http://localhost:3000/_next/static/chunks/1fqg_next_dist_1i28a4t._.js:2477
[ 3976738ms] [LOG] [HMR] connected @ http://localhost:3000/_next/static/chunks/1fqg_next_dist_1i28a4t._.js:2477
[ 3977269ms] [ERROR] Failed to load resource: the server responded with a status of 429 (Too Many Requests) @ http://localhost:3000/api/v1/auth/register:0
[ 3978346ms] [LOG] [Fast Refresh] rebuilding @ http://localhost:3000/_next/static/chunks/1fqg_next_dist_1i28a4t._.js:2477
[ 3978398ms] [LOG] [Fast Refresh] done in 155ms @ http://localhost:3000/_next/static/chunks/1fqg_next_dist_1i28a4t._.js:2477
[ 3979245ms] [LOG] [Fast Refresh] rebuilding @ http://localhost:3000/_next/static/chunks/1fqg_next_dist_1i28a4t._.js:2477
[ 3979293ms] [LOG] [Fast Refresh] done in 149ms @ http://localhost:3000/_next/static/chunks/1fqg_next_dist_1i28a4t._.js:2477
[ 3980456ms] [ERROR] Failed to load resource: the server responded with a status of 401 (Unauthorized) @ http://localhost:3000/api/v1/oauth/google:0
