[     122ms] [LOG] [Fast Refresh] rebuilding @ http://localhost:3000/_next/static/chunks/1fqg_next_dist_1i28a4t._.js:2477
[     605ms] [LOG] [Fast Refresh] done in 585ms @ http://localhost:3000/_next/static/chunks/1fqg_next_dist_1i28a4t._.js:2477
[    1262ms] [INFO] %cDownload the React DevTools for a better development experience: https://react.dev/link/react-devtools font-weight:bold @ http://localhost:3000/_next/static/chunks/1fqg_next_dist_1i28a4t._.js:2477
[    1330ms] [LOG] [HMR] connected @ http://localhost:3000/_next/static/chunks/1fqg_next_dist_1i28a4t._.js:2477
[    4559ms] [WARNING] The resource http://localhost:3000/logo-icon.svg was preloaded using link preload but not used within a few seconds from the window's load event. Please make sure it has an appropriate `as` value and it is preloaded intentionally. @ http://localhost:3000/daily-challenge/nonogram:0
[  128225ms] [LOG] [Fast Refresh] rebuilding @ http://localhost:3000/_next/static/chunks/1fqg_next_dist_1i28a4t._.js:2477
[  128243ms] [LOG] [Fast Refresh] done in 121ms @ http://localhost:3000/_next/static/chunks/1fqg_next_dist_1i28a4t._.js:2477
[  129361ms] [LOG] [Fast Refresh] rebuilding @ http://localhost:3000/_next/static/chunks/1fqg_next_dist_1i28a4t._.js:2477
[  129375ms] [LOG] [Fast Refresh] done in 116ms @ http://localhost:3000/_next/static/chunks/1fqg_next_dist_1i28a4t._.js:2477
[  129547ms] [LOG] [Fast Refresh] rebuilding @ http://localhost:3000/_next/static/chunks/1fqg_next_dist_1i28a4t._.js:2477
[  129550ms] [LOG] [Fast Refresh] done in 114ms @ http://localhost:3000/_next/static/chunks/1fqg_next_dist_1i28a4t._.js:2477
[  604480ms] [WARNING] The resource http://localhost:3000/logo-icon.svg was preloaded using link preload but not used within a few seconds from the window's load event. Please make sure it has an appropriate `as` value and it is preloaded intentionally. @ http://localhost:3000/daily-challenge/nonogram:0
[  629716ms] [LOG] [Fast Refresh] rebuilding @ http://localhost:3000/_next/static/chunks/1fqg_next_dist_1i28a4t._.js:2477
[  630155ms] [LOG] [Fast Refresh] done in 554ms @ http://localhost:3000/_next/static/chunks/1fqg_next_dist_1i28a4t._.js:2477
[  633035ms] [WARNING] The resource http://localhost:3000/logo-icon.svg was preloaded using link preload but not used within a few seconds from the window's load event. Please make sure it has an appropriate `as` value and it is preloaded intentionally. @ http://localhost:3000/daily-challenge/nonogram:0
[  634115ms] [INFO] %cDownload the React DevTools for a better development experience: https://react.dev/link/react-devtools font-weight:bold @ http://localhost:3000/_next/static/chunks/1fqg_next_dist_1i28a4t._.js:2477
[  634192ms] [LOG] [HMR] connected @ http://localhost:3000/_next/static/chunks/1fqg_next_dist_1i28a4t._.js:2477
[  636313ms] [INFO] %cDownload the React DevTools for a better development experience: https://react.dev/link/react-devtools font-weight:bold @ http://localhost:3000/_next/static/chunks/1fqg_next_dist_1i28a4t._.js:2477
[  636341ms] [LOG] [HMR] connected @ http://localhost:3000/_next/static/chunks/1fqg_next_dist_1i28a4t._.js:2477
[  640345ms] [WARNING] Image with src "http://localhost:3000/feature-right.svg" has either width or height modified, but not the other. If you use CSS to change the size of your image, also include the styles 'width: "auto"' or 'height: "auto"' to maintain the aspect ratio. @ http://localhost:3000/_next/static/chunks/1fqg_next_dist_1i28a4t._.js:2477
[  792328ms] [LOG] [Fast Refresh] rebuilding @ http://localhost:3000/_next/static/chunks/1fqg_next_dist_1i28a4t._.js:2477
[  792622ms] [LOG] [Fast Refresh] done in 405ms @ http://localhost:3000/_next/static/chunks/1fqg_next_dist_1i28a4t._.js:2477
[  812550ms] [LOG] [Fast Refresh] rebuilding @ http://localhost:3000/_next/static/chunks/1fqg_next_dist_1i28a4t._.js:2477
[  812552ms] [LOG] [Fast Refresh] done in 110ms @ http://localhost:3000/_next/static/chunks/1fqg_next_dist_1i28a4t._.js:2477
