[     120ms] [LOG] [Fast Refresh] rebuilding @ http://localhost:3000/_next/static/chunks/1fqg_next_dist_1i28a4t._.js:2477
[     241ms] [LOG] [Fast Refresh] done in 226ms @ http://localhost:3000/_next/static/chunks/1fqg_next_dist_1i28a4t._.js:2477
[     447ms] [INFO] %cDownload the React DevTools for a better development experience: https://react.dev/link/react-devtools font-weight:bold @ http://localhost:3000/_next/static/chunks/1fqg_next_dist_1i28a4t._.js:2477
[     465ms] [LOG] [HMR] connected @ http://localhost:3000/_next/static/chunks/1fqg_next_dist_1i28a4t._.js:2477
[     671ms] [LOG] [Fast Refresh] rebuilding @ http://localhost:3000/_next/static/chunks/1fqg_next_dist_1i28a4t._.js:2477
[     694ms] [LOG] [Fast Refresh] done in 122ms @ http://localhost:3000/_next/static/chunks/1fqg_next_dist_1i28a4t._.js:2477
[   36546ms] [LOG] [Fast Refresh] rebuilding @ http://localhost:3000/_next/static/chunks/1fqg_next_dist_1i28a4t._.js:2477
[   36616ms] [LOG] [Fast Refresh] done in 184ms @ http://localhost:3000/_next/static/chunks/1fqg_next_dist_1i28a4t._.js:2477
[   57419ms] [LOG] [Fast Refresh] rebuilding @ http://localhost:3000/_next/static/chunks/1fqg_next_dist_1i28a4t._.js:2477
[   57479ms] [LOG] [Fast Refresh] done in 164ms @ http://localhost:3000/_next/static/chunks/1fqg_next_dist_1i28a4t._.js:2477
[   58838ms] [LOG] [Fast Refresh] rebuilding @ http://localhost:3000/_next/static/chunks/1fqg_next_dist_1i28a4t._.js:2477
[   58894ms] [LOG] [Fast Refresh] done in 161ms @ http://localhost:3000/_next/static/chunks/1fqg_next_dist_1i28a4t._.js:2477
[   59254ms] [LOG] [Fast Refresh] rebuilding @ http://localhost:3000/_next/static/chunks/1fqg_next_dist_1i28a4t._.js:2477
[   59289ms] [LOG] [Fast Refresh] done in 142ms @ http://localhost:3000/_next/static/chunks/1fqg_next_dist_1i28a4t._.js:2477
[   77356ms] [LOG] [Fast Refresh] rebuilding @ http://localhost:3000/_next/static/chunks/1fqg_next_dist_1i28a4t._.js:2477
[   77402ms] [LOG] [Fast Refresh] done in 151ms @ http://localhost:3000/_next/static/chunks/1fqg_next_dist_1i28a4t._.js:2477
[   77608ms] [LOG] [Fast Refresh] rebuilding @ http://localhost:3000/_next/static/chunks/1fqg_next_dist_1i28a4t._.js:2477
[   77652ms] [LOG] [Fast Refresh] done in 154ms @ http://localhost:3000/_next/static/chunks/1fqg_next_dist_1i28a4t._.js:2477
[   77839ms] [LOG] [Fast Refresh] rebuilding @ http://localhost:3000/_next/static/chunks/1fqg_next_dist_1i28a4t._.js:2477
[   77890ms] [LOG] [Fast Refresh] done in 152ms @ http://localhost:3000/_next/static/chunks/1fqg_next_dist_1i28a4t._.js:2477
[   78076ms] [LOG] [Fast Refresh] rebuilding @ http://localhost:3000/_next/static/chunks/1fqg_next_dist_1i28a4t._.js:2477
[   78126ms] [LOG] [Fast Refresh] done in 152ms @ http://localhost:3000/_next/static/chunks/1fqg_next_dist_1i28a4t._.js:2477
[   78324ms] [LOG] [Fast Refresh] rebuilding @ http://localhost:3000/_next/static/chunks/1fqg_next_dist_1i28a4t._.js:2477
[   78342ms] [LOG] [Fast Refresh] done in 135ms @ http://localhost:3000/_next/static/chunks/1fqg_next_dist_1i28a4t._.js:2477
