[     166ms] [INFO] %cDownload the React DevTools for a better development experience: https://react.dev/link/react-devtools font-weight:bold @ http://localhost:3000/_next/static/chunks/1fqg_next_dist_1i28a4t._.js:2477
[     230ms] [LOG] [HMR] connected @ http://localhost:3000/_next/static/chunks/1fqg_next_dist_1i28a4t._.js:2477
[  428368ms] [INFO] %cDownload the React DevTools for a better development experience: https://react.dev/link/react-devtools font-weight:bold @ http://localhost:3000/_next/static/chunks/1fqg_next_dist_1i28a4t._.js:2477
[  428390ms] [LOG] [HMR] connected @ http://localhost:3000/_next/static/chunks/1fqg_next_dist_1i28a4t._.js:2477
[  663853ms] [ERROR] Failed to load resource: the server responded with a status of 401 (Unauthorized) @ http://localhost:3000/api/v1/games/crossmath/continue?difficulty=hard:0
[  689555ms] [ERROR] Failed to load resource: the server responded with a status of 401 (Unauthorized) @ http://localhost:3000/api/v1/games/crossmath/continue?difficulty=hard:0
[ 1137151ms] [LOG] [Fast Refresh] rebuilding @ http://localhost:3000/_next/static/chunks/1fqg_next_dist_1i28a4t._.js:2477
[ 1137225ms] [ERROR] Failed to fetch RSC payload for http://localhost:3000/cross-math?difficulty=hard. Falling back to browser navigation. TypeError: Cannot read properties of undefined (reading 'includes')
    at window.fetch (eval at <anonymous> (eval at evaluate (:303:30)), <anonymous>:6:13)
    at window.fetch (eval at <anonymous> (eval at evaluate (:303:30)), <anonymous>:7:17)
    at createFetch (http://localhost:3000/_next/static/chunks/1fqg_next_dist_client_02jsqik._.js:8207:21)
    at async fetchServerResponse (http://localhost:3000/_next/static/chunks/1fqg_next_dist_client_02jsqik._.js:8051:21)
    at async fetchMissingDynamicData (http://localhost:3000/_next/static/chunks/1fqg_next_dist_client_02jsqik._.js:9464:24) @ http://localhost:3000/_next/static/chunks/1fqg_next_dist_1i28a4t._.js:3318
[ 1137349ms] [ERROR] Failed to fetch RSC payload for http://localhost:3000/cross-math?difficulty=hard. Falling back to browser navigation. TypeError: Cannot read properties of undefined (reading 'includes')
    at window.fetch (eval at <anonymous> (eval at evaluate (:303:30)), <anonymous>:6:13)
    at window.fetch (eval at <anonymous> (eval at evaluate (:303:30)), <anonymous>:7:17)
    at createFetch (http://localhost:3000/_next/static/chunks/1fqg_next_dist_client_02jsqik._.js:8207:21)
    at async fetchServerResponse (http://localhost:3000/_next/static/chunks/1fqg_next_dist_client_02jsqik._.js:8051:21)
    at async fetchMissingDynamicData (http://localhost:3000/_next/static/chunks/1fqg_next_dist_client_02jsqik._.js:9464:24) @ http://localhost:3000/_next/static/chunks/1fqg_next_dist_1i28a4t._.js:3318
[ 1137463ms] [ERROR] Failed to fetch RSC payload for http://localhost:3000/cross-math?difficulty=hard. Falling back to browser navigation. TypeError: Cannot read properties of undefined (reading 'includes')
    at window.fetch (eval at <anonymous> (eval at evaluate (:303:30)), <anonymous>:6:13)
    at window.fetch (eval at <anonymous> (eval at evaluate (:303:30)), <anonymous>:7:17)
    at createFetch (http://localhost:3000/_next/static/chunks/1fqg_next_dist_client_02jsqik._.js:8207:21)
    at async fetchServerResponse (http://localhost:3000/_next/static/chunks/1fqg_next_dist_client_02jsqik._.js:8051:21)
    at async fetchMissingDynamicData (http://localhost:3000/_next/static/chunks/1fqg_next_dist_client_02jsqik._.js:9464:24) @ http://localhost:3000/_next/static/chunks/1fqg_next_dist_1i28a4t._.js:3318
[ 1137577ms] [ERROR] Failed to fetch RSC payload for http://localhost:3000/cross-math?difficulty=hard. Falling back to browser navigation. TypeError: Cannot read properties of undefined (reading 'includes')
    at window.fetch (eval at <anonymous> (eval at evaluate (:303:30)), <anonymous>:6:13)
    at window.fetch (eval at <anonymous> (eval at evaluate (:303:30)), <anonymous>:7:17)
    at createFetch (http://localhost:3000/_next/static/chunks/1fqg_next_dist_client_02jsqik._.js:8207:21)
    at async fetchServerResponse (http://localhost:3000/_next/static/chunks/1fqg_next_dist_client_02jsqik._.js:8051:21)
    at async fetchMissingDynamicData (http://localhost:3000/_next/static/chunks/1fqg_next_dist_client_02jsqik._.js:9464:24) @ http://localhost:3000/_next/static/chunks/1fqg_next_dist_1i28a4t._.js:3318
[ 1137694ms] [ERROR] Failed to fetch RSC payload for http://localhost:3000/cross-math?difficulty=hard. Falling back to browser navigation. TypeError: Cannot read properties of undefined (reading 'includes')
    at window.fetch (eval at <anonymous> (eval at evaluate (:303:30)), <anonymous>:6:13)
    at window.fetch (eval at <anonymous> (eval at evaluate (:303:30)), <anonymous>:7:17)
    at createFetch (http://localhost:3000/_next/static/chunks/1fqg_next_dist_client_02jsqik._.js:8207:21)
    at async fetchServerResponse (http://localhost:3000/_next/static/chunks/1fqg_next_dist_client_02jsqik._.js:8051:21)
    at async fetchMissingDynamicData (http://localhost:3000/_next/static/chunks/1fqg_next_dist_client_02jsqik._.js:9464:24) @ http://localhost:3000/_next/static/chunks/1fqg_next_dist_1i28a4t._.js:3318
[ 1137813ms] [ERROR] Failed to fetch RSC payload for http://localhost:3000/cross-math?difficulty=hard. Falling back to browser navigation. TypeError: Cannot read properties of undefined (reading 'includes')
    at window.fetch (eval at <anonymous> (eval at evaluate (:303:30)), <anonymous>:6:13)
    at window.fetch (eval at <anonymous> (eval at evaluate (:303:30)), <anonymous>:7:17)
    at createFetch (http://localhost:3000/_next/static/chunks/1fqg_next_dist_client_02jsqik._.js:8207:21)
    at async fetchServerResponse (http://localhost:3000/_next/static/chunks/1fqg_next_dist_client_02jsqik._.js:8051:21)
    at async fetchMissingDynamicData (http://localhost:3000/_next/static/chunks/1fqg_next_dist_client_02jsqik._.js:9464:24) @ http://localhost:3000/_next/static/chunks/1fqg_next_dist_1i28a4t._.js:3318
[ 1137922ms] [ERROR] Failed to fetch RSC payload for http://localhost:3000/cross-math?difficulty=hard. Falling back to browser navigation. TypeError: Cannot read properties of undefined (reading 'includes')
    at window.fetch (eval at <anonymous> (eval at evaluate (:303:30)), <anonymous>:6:13)
    at window.fetch (eval at <anonymous> (eval at evaluate (:303:30)), <anonymous>:7:17)
    at createFetch (http://localhost:3000/_next/static/chunks/1fqg_next_dist_client_02jsqik._.js:8207:21)
    at async fetchServerResponse (http://localhost:3000/_next/static/chunks/1fqg_next_dist_client_02jsqik._.js:8051:21)
    at async fetchMissingDynamicData (http://localhost:3000/_next/static/chunks/1fqg_next_dist_client_02jsqik._.js:9464:24) @ http://localhost:3000/_next/static/chunks/1fqg_next_dist_1i28a4t._.js:3318
[ 1137924ms] [LOG] [Fast Refresh] done in 872ms @ http://localhost:3000/_next/static/chunks/1fqg_next_dist_1i28a4t._.js:2477
[ 1138009ms] [ERROR] Failed to load resource: net::ERR_NETWORK_CHANGED @ http://localhost:3000/__nextjs_original-stack-frames:0
[ 1138010ms] [ERROR] Failed to load resource: net::ERR_NETWORK_CHANGED @ http://localhost:3000/__nextjs_original-stack-frames:0
[ 1138052ms] [LOG] [Fast Refresh] rebuilding @ http://localhost:3000/_next/static/chunks/1fqg_next_dist_1i28a4t._.js:2477
[ 1138222ms] [LOG] [Fast Refresh] done in 282ms @ http://localhost:3000/_next/static/chunks/1fqg_next_dist_1i28a4t._.js:2477
[ 1138332ms] [LOG] [Fast Refresh] rebuilding @ http://localhost:3000/_next/static/chunks/1fqg_next_dist_1i28a4t._.js:2477
[ 1138452ms] [LOG] [Fast Refresh] done in 228ms @ http://localhost:3000/_next/static/chunks/1fqg_next_dist_1i28a4t._.js:2477
[ 1140117ms] [INFO] %cDownload the React DevTools for a better development experience: https://react.dev/link/react-devtools font-weight:bold @ http://localhost:3000/_next/static/chunks/1fqg_next_dist_1i28a4t._.js:2477
[ 1140133ms] [LOG] [HMR] connected @ http://localhost:3000/_next/static/chunks/1fqg_next_dist_1i28a4t._.js:2477
[ 1302688ms] [LOG] [Fast Refresh] rebuilding @ http://localhost:3000/_next/static/chunks/1fqg_next_dist_1i28a4t._.js:2477
[ 1303396ms] [LOG] [Fast Refresh] done in 816ms @ http://localhost:3000/_next/static/chunks/1fqg_next_dist_1i28a4t._.js:2477
[ 1303575ms] [LOG] [Fast Refresh] rebuilding @ http://localhost:3000/_next/static/chunks/1fqg_next_dist_1i28a4t._.js:2477
[ 1303588ms] [LOG] [Fast Refresh] done in 123ms @ http://localhost:3000/_next/static/chunks/1fqg_next_dist_1i28a4t._.js:2477
[ 1303743ms] [LOG] [Fast Refresh] rebuilding @ http://localhost:3000/_next/static/chunks/1fqg_next_dist_1i28a4t._.js:2477
[ 1303753ms] [LOG] [Fast Refresh] done in 110ms @ http://localhost:3000/_next/static/chunks/1fqg_next_dist_1i28a4t._.js:2477
[ 1316425ms] [LOG] [Fast Refresh] rebuilding @ http://localhost:3000/_next/static/chunks/1fqg_next_dist_1i28a4t._.js:2477
[ 1316607ms] [LOG] [Fast Refresh] done in 293ms @ http://localhost:3000/_next/static/chunks/1fqg_next_dist_1i28a4t._.js:2477
[ 1332361ms] [INFO] %cDownload the React DevTools for a better development experience: https://react.dev/link/react-devtools font-weight:bold @ http://localhost:3000/_next/static/chunks/1fqg_next_dist_1i28a4t._.js:2477
[ 1332395ms] [LOG] [HMR] connected @ http://localhost:3000/_next/static/chunks/1fqg_next_dist_1i28a4t._.js:2477
[ 1332602ms] [INFO] %cDownload the React DevTools for a better development experience: https://react.dev/link/react-devtools font-weight:bold @ http://localhost:3000/_next/static/chunks/1fqg_next_dist_1i28a4t._.js:2477
[ 1332619ms] [LOG] [HMR] connected @ http://localhost:3000/_next/static/chunks/1fqg_next_dist_1i28a4t._.js:2477
[ 1354206ms] [INFO] %cDownload the React DevTools for a better development experience: https://react.dev/link/react-devtools font-weight:bold @ http://localhost:3000/_next/static/chunks/1fqg_next_dist_1i28a4t._.js:2477
[ 1354229ms] [LOG] [HMR] connected @ http://localhost:3000/_next/static/chunks/1fqg_next_dist_1i28a4t._.js:2477
[ 1356247ms] [LOG] [Fast Refresh] rebuilding @ http://localhost:3000/_next/static/chunks/1fqg_next_dist_1i28a4t._.js:2477
[ 1356923ms] [LOG] [Fast Refresh] done in 780ms @ http://localhost:3000/_next/static/chunks/1fqg_next_dist_1i28a4t._.js:2477
[ 1359537ms] [LOG] [Fast Refresh] rebuilding @ http://localhost:3000/_next/static/chunks/1fqg_next_dist_1i28a4t._.js:2477
[ 1359622ms] [LOG] [Fast Refresh] done in 189ms @ http://localhost:3000/_next/static/chunks/1fqg_next_dist_1i28a4t._.js:2477
[ 1366779ms] [LOG] [Fast Refresh] rebuilding @ http://localhost:3000/_next/static/chunks/1fqg_next_dist_1i28a4t._.js:2477
[ 1366854ms] [LOG] [Fast Refresh] done in 178ms @ http://localhost:3000/_next/static/chunks/1fqg_next_dist_1i28a4t._.js:2477
[ 1391284ms] [WARNING] Image with src "http://localhost:3000/feature-right.svg" has either width or height modified, but not the other. If you use CSS to change the size of your image, also include the styles 'width: "auto"' or 'height: "auto"' to maintain the aspect ratio. @ http://localhost:3000/_next/static/chunks/1fqg_next_dist_1i28a4t._.js:2477
